Archive member included because of file (symbol)

/Users/dgs/code/pebble/ruler/lib/libpebble.a(tmpE96Sgtpebble_os.o)
                              src/ruler.c.1.o (app_event_loop)
/Users/dgs/code/pebble/pebble-dev/arm-cs-tools/bin/../lib/gcc/arm-none-eabi/4.6.3/../../../../arm-none-eabi/lib/thumb2/libc.a(lib_a-memset.o)
                              src/ruler.c.1.o (memset)

Allocating common symbols
Common symbol       size              file

hourLayer29         0x38              src/ruler.c.1.o
hourStr22           0xd               src/ruler.c.1.o
hourStr2            0xd               src/ruler.c.1.o
hourStr1            0xd               src/ruler.c.1.o
hourStr4            0xd               src/ruler.c.1.o
timer_handle        0x4               src/ruler.c.1.o
hourStr15           0xd               src/ruler.c.1.o
hourStr23           0xd               src/ruler.c.1.o
hourLayer28         0x38              src/ruler.c.1.o
hourLayer14         0x38              src/ruler.c.1.o
hourStr9            0xd               src/ruler.c.1.o
hourStr26           0xd               src/ruler.c.1.o
hourLayers          0x658             src/ruler.c.1.o
hourLayer7          0x38              src/ruler.c.1.o
dbg                 0x64              src/ruler.c.1.o
hourLayer15         0x38              src/ruler.c.1.o
hourLayer0          0x38              src/ruler.c.1.o
hourLayer23         0x38              src/ruler.c.1.o
hourLayer5          0x38              src/ruler.c.1.o
rulerLayer          0x28              src/ruler.c.1.o
hourLayer16         0x38              src/ruler.c.1.o
hourStr25           0xd               src/ruler.c.1.o
hourLayer19         0x38              src/ruler.c.1.o
lineLayer           0x28              src/ruler.c.1.o
hourLayer10         0x38              src/ruler.c.1.o
hourStr0            0xd               src/ruler.c.1.o
hourStr7            0xd               src/ruler.c.1.o
hourStr16           0xd               src/ruler.c.1.o
hourLayer24         0x38              src/ruler.c.1.o
hourLayer22         0x38              src/ruler.c.1.o
hourStr27           0xd               src/ruler.c.1.o
hourStr11           0xd               src/ruler.c.1.o
hourLayer8          0x38              src/ruler.c.1.o
hourStrings         0x74              src/ruler.c.1.o
hourStr10           0xd               src/ruler.c.1.o
hourLayer4          0x38              src/ruler.c.1.o
hourLayer1          0x38              src/ruler.c.1.o
dbgTextLayer        0x38              src/ruler.c.1.o
hourStr20           0xd               src/ruler.c.1.o
hourStr19           0xd               src/ruler.c.1.o
hourLayer18         0x38              src/ruler.c.1.o
hourStr29           0xd               src/ruler.c.1.o
hourStr12           0xd               src/ruler.c.1.o
hourStr28           0xd               src/ruler.c.1.o
hourStr18           0xd               src/ruler.c.1.o
hourLayer9          0x38              src/ruler.c.1.o
hourStr14           0xd               src/ruler.c.1.o
hourLayer17         0x38              src/ruler.c.1.o
hourLayer25         0x38              src/ruler.c.1.o
hourStr3            0xd               src/ruler.c.1.o
hourStr6            0xd               src/ruler.c.1.o
hourStr5            0xd               src/ruler.c.1.o
hourLayer20         0x38              src/ruler.c.1.o
hourStr13           0xd               src/ruler.c.1.o
hourStr8            0xd               src/ruler.c.1.o
hourLayer21         0x38              src/ruler.c.1.o
bgLayer             0x28              src/ruler.c.1.o
hourStr17           0xd               src/ruler.c.1.o
hourLayer13         0x38              src/ruler.c.1.o
hourLayer12         0x38              src/ruler.c.1.o
hourStr21           0xd               src/ruler.c.1.o
hourLayer2          0x38              src/ruler.c.1.o
hourLayer26         0x38              src/ruler.c.1.o
hourStr24           0xd               src/ruler.c.1.o
window              0x58              src/ruler.c.1.o
hourLayer3          0x38              src/ruler.c.1.o
hourLayer6          0x38              src/ruler.c.1.o
hourLayer27         0x38              src/ruler.c.1.o
hourLayer11         0x38              src/ruler.c.1.o

Memory Configuration

Name             Origin             Length             Attributes
APP              0x0000000000000000 0x0000000000006000 xrw
*default*        0x0000000000000000 0xffffffffffffffff

Linker script and memory map

LOAD /Users/dgs/code/pebble/pebble-dev/arm-cs-tools/bin/../lib/gcc/arm-none-eabi/4.6.3/thumb2/crti.o
LOAD /Users/dgs/code/pebble/pebble-dev/arm-cs-tools/bin/../lib/gcc/arm-none-eabi/4.6.3/thumb2/crtbegin.o
LOAD src/mini-printf.c.1.o
LOAD src/ruler.c.1.o
LOAD /Users/dgs/code/pebble/ruler/lib/libpebble.a
START GROUP
LOAD /Users/dgs/code/pebble/pebble-dev/arm-cs-tools/bin/../lib/gcc/arm-none-eabi/4.6.3/thumb2/libgcc.a
LOAD /Users/dgs/code/pebble/pebble-dev/arm-cs-tools/bin/../lib/gcc/arm-none-eabi/4.6.3/../../../../arm-none-eabi/lib/thumb2/libc.a
END GROUP
LOAD /Users/dgs/code/pebble/pebble-dev/arm-cs-tools/bin/../lib/gcc/arm-none-eabi/4.6.3/thumb2/crtend.o
LOAD /Users/dgs/code/pebble/pebble-dev/arm-cs-tools/bin/../lib/gcc/arm-none-eabi/4.6.3/thumb2/crtn.o

.header         0x0000000000000000       0x7c
 *(.pbl_header)
 .pbl_header    0x0000000000000000       0x7c src/ruler.c.1.o
                0x0000000000000000                __pbl_app_info

.text           0x000000000000007c     0x1fbc
 *(.text)
 .text          0x000000000000007c        0x0 /Users/dgs/code/pebble/pebble-dev/arm-cs-tools/bin/../lib/gcc/arm-none-eabi/4.6.3/thumb2/crti.o
 .text          0x000000000000007c       0x68 /Users/dgs/code/pebble/pebble-dev/arm-cs-tools/bin/../lib/gcc/arm-none-eabi/4.6.3/thumb2/crtbegin.o
 .text          0x00000000000000e4      0x460 src/mini-printf.c.1.o
                0x00000000000002b0                mini_vsnprintf
                0x0000000000000510                mini_snprintf
 .text          0x0000000000000544      0xf68 src/ruler.c.1.o
                0x0000000000000544                move_time
                0x0000000000000690                init_hour
                0x000000000000072c                set_hour_string
                0x00000000000007a4                init_hours
                0x0000000000000e80                lineLayer_update_callback
                0x0000000000000ef0                bgLayer_update_callback
                0x0000000000000fbc                drawRuler
                0x000000000000112c                rulerLayer_update_callback
                0x00000000000011f8                up_single_click_handler
                0x0000000000001214                down_single_click_handler
                0x0000000000001230                click_config_provider
                0x0000000000001284                init_bg_layer
                0x00000000000012d4                init_line_layer
                0x0000000000001320                init_ruler_layer
                0x0000000000001354                set_time
                0x0000000000001398                update_screen
                0x00000000000013c8                handle_init_app
                0x000000000000145c                pbl_main
 .text          0x00000000000014ac      0xb8c /Users/dgs/code/pebble/ruler/lib/libpebble.a(tmpE96Sgtpebble_os.o)
                0x00000000000014ac                animation_init
                0x00000000000014b8                animation_set_delay
                0x00000000000014c4                animation_set_duration
                0x00000000000014d0                animation_set_curve
                0x00000000000014dc                animation_set_handlers
                0x00000000000014e8                animation_set_implementation
                0x00000000000014f4                animation_get_context
                0x0000000000001500                animation_schedule
                0x000000000000150c                animation_unschedule
                0x0000000000001518                animation_unschedule_all
                0x0000000000001524                animation_is_scheduled
                0x0000000000001530                app_timer_send_event
                0x000000000000153c                app_timer_cancel_event
                0x0000000000001548                app_event_loop
                0x0000000000001554                bmp_init_container
                0x0000000000001560                bmp_deinit_container
                0x000000000000156c                cos_lookup
                0x0000000000001578                fonts_get_system_font
                0x0000000000001584                fonts_load_custom_font
                0x0000000000001590                fonts_unload_custom_font
                0x000000000000159c                graphics_context_set_stroke_color
                0x00000000000015a8                graphics_context_set_fill_color
                0x00000000000015b4                graphics_context_set_text_color
                0x00000000000015c0                graphics_context_set_compositing_mode
                0x00000000000015cc                graphics_draw_pixel
                0x00000000000015d8                graphics_draw_line
                0x00000000000015e4                graphics_fill_rect
                0x00000000000015f0                graphics_draw_circle
                0x00000000000015fc                graphics_fill_circle
                0x0000000000001608                graphics_draw_round_rect
                0x0000000000001614                get_time
                0x0000000000001620                gpath_init
                0x000000000000162c                gpath_move_to
                0x0000000000001638                gpath_rotate_to
                0x0000000000001644                gpath_draw_outline
                0x0000000000001650                gpath_draw_filled
                0x000000000000165c                grect_center_point
                0x0000000000001668                layer_mark_dirty
                0x0000000000001674                layer_remove_from_parent
                0x0000000000001680                layer_add_child
                0x000000000000168c                layer_get_frame
                0x0000000000001698                layer_set_frame
                0x00000000000016a4                layer_set_hidden
                0x00000000000016b0                layer_init
                0x00000000000016bc                light_enable
                0x00000000000016c8                light_enable_interaction
                0x00000000000016d4                psleep
                0x00000000000016e0                resource_init_current_app
                0x00000000000016ec                resource_get_handle
                0x00000000000016f8                resource_load
                0x0000000000001704                resource_load_byte_range
                0x0000000000001710                resource_size
                0x000000000000171c                rotbmp_deinit_container
                0x0000000000001728                rotbmp_init_container
                0x0000000000001734                rotbmp_pair_deinit_container
                0x0000000000001740                rotbmp_pair_init_container
                0x000000000000174c                rotbmp_pair_layer_set_src_ic
                0x0000000000001758                rotbmp_pair_layer_set_angle
                0x0000000000001764                window_init
                0x0000000000001770                window_stack_push
                0x000000000000177c                window_set_click_config_provider
                0x0000000000001788                window_set_background_color
                0x0000000000001794                window_render
                0x00000000000017a0                window_set_fullscreen
                0x00000000000017ac                sin_lookup
                0x00000000000017b8                string_format_time
                0x00000000000017c4                text_layer_init
                0x00000000000017d0                text_layer_get_text
                0x00000000000017dc                text_layer_set_text
                0x00000000000017e8                text_layer_set_font
                0x00000000000017f4                text_layer_set_text_color
                0x0000000000001800                text_layer_set_background_color
                0x000000000000180c                vibes_double_pulse
                0x0000000000001818                vibes_enqueue_custom_pattern
                0x0000000000001824                vibes_long_pulse
                0x0000000000001830                vibes_short_pulse
                0x000000000000183c                app_get_current_graphics_context
                0x0000000000001848                clock_is_24h_style
                0x0000000000001854                property_animation_init_layer_frame
                0x0000000000001860                text_layer_set_text_alignment
                0x000000000000186c                graphics_draw_bitmap_in_rect
                0x0000000000001878                graphics_text_draw
                0x0000000000001884                layer_set_bounds
                0x0000000000001890                layer_get_bounds
                0x000000000000189c                layer_set_update_proc
                0x00000000000018a8                layer_get_window
                0x00000000000018b4                layer_remove_child_layers
                0x00000000000018c0                layer_insert_below_sibling
                0x00000000000018cc                layer_insert_above_sibling
                0x00000000000018d8                layer_get_hidden
                0x00000000000018e4                layer_set_clips
                0x00000000000018f0                layer_get_clips
                0x00000000000018fc                text_layer_get_max_used_size
                0x0000000000001908                text_layer_set_size
                0x0000000000001914                text_layer_set_overflow_mode
                0x0000000000001920                graphics_text_layout_get_max_used_size
                0x000000000000192c                inverter_layer_init
                0x0000000000001938                bitmap_layer_init
                0x0000000000001944                bitmap_layer_set_bitmap
                0x0000000000001950                bitmap_layer_set_alignment
                0x000000000000195c                bitmap_layer_set_background_color
                0x0000000000001968                bitmap_layer_set_compositing_mode
                0x0000000000001974                heap_bitmap_init
                0x0000000000001980                heap_bitmap_deinit
                0x000000000000198c                click_recognizer_get_button_id
                0x0000000000001998                click_number_of_clicks_counted
                0x00000000000019a4                menu_cell_basic_draw
                0x00000000000019b0                menu_cell_title_draw
                0x00000000000019bc                menu_cell_basic_header_draw
                0x00000000000019c8                menu_layer_init
                0x00000000000019d4                menu_layer_get_layer
                0x00000000000019e0                menu_layer_set_callbacks
                0x00000000000019ec                menu_layer_set_click_config_onto_window
                0x00000000000019f8                menu_layer_set_selected_next
                0x0000000000001a04                menu_layer_set_selected_index
                0x0000000000001a10                menu_layer_reload_data
                0x0000000000001a1c                menu_index_compare
                0x0000000000001a28                scroll_layer_init
                0x0000000000001a34                scroll_layer_add_child
                0x0000000000001a40                scroll_layer_set_click_config_onto_window
                0x0000000000001a4c                scroll_layer_set_callbacks
                0x0000000000001a58                scroll_layer_set_context
                0x0000000000001a64                scroll_layer_set_content_offset
                0x0000000000001a70                scroll_layer_get_content_offset
                0x0000000000001a7c                scroll_layer_set_content_size
                0x0000000000001a88                scroll_layer_get_content_size
                0x0000000000001a94                scroll_layer_set_frame
                0x0000000000001aa0                scroll_layer_scroll_up_click_handler
                0x0000000000001aac                scroll_layer_scroll_down_click_handler
                0x0000000000001ab8                simple_menu_layer_init
                0x0000000000001ac4                simple_menu_layer_get_layer
                0x0000000000001ad0                simple_menu_layer_get_selected_index
                0x0000000000001adc                simple_menu_layer_set_selected_index
                0x0000000000001ae8                window_deinit
                0x0000000000001af4                window_set_click_config_provider_with_context
                0x0000000000001b00                window_get_click_config_provider
                0x0000000000001b0c                window_set_window_handlers
                0x0000000000001b18                window_get_root_layer
                0x0000000000001b24                window_get_fullscreen
                0x0000000000001b30                window_set_status_bar_icon
                0x0000000000001b3c                window_is_loaded
                0x0000000000001b48                window_stack_pop
                0x0000000000001b54                window_stack_pop_all
                0x0000000000001b60                window_stack_contains_window
                0x0000000000001b68                window_stack_get_top_window
                0x0000000000001b70                window_stack_remove
                0x0000000000001b78                property_animation_init
                0x0000000000001b80                property_animation_update_int16
                0x0000000000001b88                property_animation_update_gpoint
                0x0000000000001b90                property_animation_update_grect
                0x0000000000001b98                app_message_register_callbacks
                0x0000000000001ba0                app_message_deregister_callbacks
                0x0000000000001ba8                app_message_out_get
                0x0000000000001bb0                app_message_out_send
                0x0000000000001bb8                app_message_out_release
                0x0000000000001bc0                app_sync_init
                0x0000000000001bc8                app_sync_deinit
                0x0000000000001bd0                app_sync_set
                0x0000000000001bd8                app_sync_get
                0x0000000000001be0                dict_calc_buffer_size
                0x0000000000001be8                dict_write_begin
                0x0000000000001bf0                dict_write_data
                0x0000000000001bf8                dict_write_cstring
                0x0000000000001c00                dict_write_int
                0x0000000000001c08                dict_write_uint8
                0x0000000000001c10                dict_write_uint16
                0x0000000000001c18                dict_write_uint32
                0x0000000000001c20                dict_write_int8
                0x0000000000001c28                dict_write_int16
                0x0000000000001c30                dict_write_int32
                0x0000000000001c38                dict_write_end
                0x0000000000001c40                dict_read_begin_from_buffer
                0x0000000000001c48                dict_read_next
                0x0000000000001c50                dict_read_first
                0x0000000000001c58                dict_serialize_tuplets
                0x0000000000001c60                dict_serialize_tuplets_to_buffer
                0x0000000000001c68                dict_serialize_tuplets_to_buffer_with_iter
                0x0000000000001c70                dict_write_tuplet
                0x0000000000001c78                dict_calc_buffer_size_from_tuplets
                0x0000000000001c80                dict_merge
                0x0000000000001c88                dict_find
                0x0000000000001c90                action_bar_layer_init
                0x0000000000001c98                action_bar_layer_set_context
                0x0000000000001ca0                action_bar_layer_set_click_config_provider
                0x0000000000001ca8                action_bar_layer_set_icon
                0x0000000000001cb0                action_bar_layer_clear_icon
                0x0000000000001cb8                action_bar_layer_add_to_window
                0x0000000000001cc0                action_bar_layer_remove_from_window
                0x0000000000001cc8                action_bar_layer_set_background_color
                0x0000000000001cd0                number_window_init
                0x0000000000001cd8                number_window_set_label
                0x0000000000001ce0                number_window_set_max
                0x0000000000001ce8                number_window_set_min
                0x0000000000001cf0                number_window_set_value
                0x0000000000001cf8                number_window_set_step_size
                0x0000000000001d00                number_window_get_value
                0x0000000000001d08                clock_copy_time_string
 .text          0x0000000000002038        0x0 /Users/dgs/code/pebble/pebble-dev/arm-cs-tools/bin/../lib/gcc/arm-none-eabi/4.6.3/../../../../arm-none-eabi/lib/thumb2/libc.a(lib_a-memset.o)
 .text          0x0000000000002038        0x0 /Users/dgs/code/pebble/pebble-dev/arm-cs-tools/bin/../lib/gcc/arm-none-eabi/4.6.3/thumb2/crtend.o
 .text          0x0000000000002038        0x0 /Users/dgs/code/pebble/pebble-dev/arm-cs-tools/bin/../lib/gcc/arm-none-eabi/4.6.3/thumb2/crtn.o

.glue_7         0x0000000000002038        0x0
 .glue_7        0x0000000000000000        0x0 linker stubs

.glue_7t        0x0000000000002038        0x0
 .glue_7t       0x0000000000000000        0x0 linker stubs

.vfp11_veneer   0x0000000000002038        0x0
 .vfp11_veneer  0x0000000000000000        0x0 linker stubs

.v4_bx          0x0000000000002038        0x0
 .v4_bx         0x0000000000000000        0x0 linker stubs

.init           0x0000000000002038        0xc
 .init          0x0000000000002038        0x4 /Users/dgs/code/pebble/pebble-dev/arm-cs-tools/bin/../lib/gcc/arm-none-eabi/4.6.3/thumb2/crti.o
                0x0000000000002038                _init
 .init          0x000000000000203c        0x8 /Users/dgs/code/pebble/pebble-dev/arm-cs-tools/bin/../lib/gcc/arm-none-eabi/4.6.3/thumb2/crtn.o

.fini           0x0000000000002044        0xc
 .fini          0x0000000000002044        0x4 /Users/dgs/code/pebble/pebble-dev/arm-cs-tools/bin/../lib/gcc/arm-none-eabi/4.6.3/thumb2/crti.o
                0x0000000000002044                _fini
 .fini          0x0000000000002048        0x8 /Users/dgs/code/pebble/pebble-dev/arm-cs-tools/bin/../lib/gcc/arm-none-eabi/4.6.3/thumb2/crtn.o

.iplt           0x0000000000002050        0x0
 .iplt          0x0000000000000000        0x0 /Users/dgs/code/pebble/pebble-dev/arm-cs-tools/bin/../lib/gcc/arm-none-eabi/4.6.3/thumb2/crti.o

.text.memset    0x0000000000002050       0x10
 .text.memset   0x0000000000002050       0x10 /Users/dgs/code/pebble/pebble-dev/arm-cs-tools/bin/../lib/gcc/arm-none-eabi/4.6.3/../../../../arm-none-eabi/lib/thumb2/libc.a(lib_a-memset.o)
                0x0000000000002050                memset

.data           0x0000000000002060        0xc
 *(.data)
 .data          0x0000000000002060        0x0 /Users/dgs/code/pebble/pebble-dev/arm-cs-tools/bin/../lib/gcc/arm-none-eabi/4.6.3/thumb2/crti.o
 .data          0x0000000000002060        0x4 /Users/dgs/code/pebble/pebble-dev/arm-cs-tools/bin/../lib/gcc/arm-none-eabi/4.6.3/thumb2/crtbegin.o
                0x0000000000002060                __dso_handle
 .data          0x0000000000002064        0x0 src/mini-printf.c.1.o
 .data          0x0000000000002064        0x8 src/ruler.c.1.o
                0x0000000000002064                hour
                0x0000000000002068                min
 .data          0x000000000000206c        0x0 /Users/dgs/code/pebble/ruler/lib/libpebble.a(tmpE96Sgtpebble_os.o)
 .data          0x000000000000206c        0x0 /Users/dgs/code/pebble/pebble-dev/arm-cs-tools/bin/../lib/gcc/arm-none-eabi/4.6.3/../../../../arm-none-eabi/lib/thumb2/libc.a(lib_a-memset.o)
 .data          0x000000000000206c        0x0 /Users/dgs/code/pebble/pebble-dev/arm-cs-tools/bin/../lib/gcc/arm-none-eabi/4.6.3/thumb2/crtend.o
 .data          0x000000000000206c        0x0 /Users/dgs/code/pebble/pebble-dev/arm-cs-tools/bin/../lib/gcc/arm-none-eabi/4.6.3/thumb2/crtn.o

.igot.plt       0x000000000000206c        0x0
 .igot.plt      0x0000000000000000        0x0 /Users/dgs/code/pebble/pebble-dev/arm-cs-tools/bin/../lib/gcc/arm-none-eabi/4.6.3/thumb2/crti.o

.got            0x000000000000206c      0x110
 .got           0x000000000000206c      0x110 /Users/dgs/code/pebble/pebble-dev/arm-cs-tools/bin/../lib/gcc/arm-none-eabi/4.6.3/thumb2/crti.o

.got.plt        0x000000000000217c        0xc
 .got.plt       0x000000000000217c        0xc /Users/dgs/code/pebble/pebble-dev/arm-cs-tools/bin/../lib/gcc/arm-none-eabi/4.6.3/thumb2/crti.o
                0x000000000000217c                _GLOBAL_OFFSET_TABLE_

.init_array     0x0000000000002188        0x4
 .init_array    0x0000000000002188        0x4 /Users/dgs/code/pebble/pebble-dev/arm-cs-tools/bin/../lib/gcc/arm-none-eabi/4.6.3/thumb2/crtbegin.o

.fini_array     0x000000000000218c        0x4
 .fini_array    0x000000000000218c        0x4 /Users/dgs/code/pebble/pebble-dev/arm-cs-tools/bin/../lib/gcc/arm-none-eabi/4.6.3/thumb2/crtbegin.o

.jcr            0x0000000000002190        0x4
 .jcr           0x0000000000002190        0x0 /Users/dgs/code/pebble/pebble-dev/arm-cs-tools/bin/../lib/gcc/arm-none-eabi/4.6.3/thumb2/crtbegin.o
 .jcr           0x0000000000002190        0x4 /Users/dgs/code/pebble/pebble-dev/arm-cs-tools/bin/../lib/gcc/arm-none-eabi/4.6.3/thumb2/crtend.o

.bss            0x0000000000002194     0x10cc
 *(.bss)
 .bss           0x0000000000002194        0x0 /Users/dgs/code/pebble/pebble-dev/arm-cs-tools/bin/../lib/gcc/arm-none-eabi/4.6.3/thumb2/crti.o
 .bss           0x0000000000002194       0x1c /Users/dgs/code/pebble/pebble-dev/arm-cs-tools/bin/../lib/gcc/arm-none-eabi/4.6.3/thumb2/crtbegin.o
 .bss           0x00000000000021b0        0x0 src/mini-printf.c.1.o
 .bss           0x00000000000021b0        0x4 src/ruler.c.1.o
                0x00000000000021b0                dbg_offset
 .bss           0x00000000000021b4        0x0 /Users/dgs/code/pebble/ruler/lib/libpebble.a(tmpE96Sgtpebble_os.o)
 .bss           0x00000000000021b4        0x0 /Users/dgs/code/pebble/pebble-dev/arm-cs-tools/bin/../lib/gcc/arm-none-eabi/4.6.3/../../../../arm-none-eabi/lib/thumb2/libc.a(lib_a-memset.o)
 .bss           0x00000000000021b4        0x0 /Users/dgs/code/pebble/pebble-dev/arm-cs-tools/bin/../lib/gcc/arm-none-eabi/4.6.3/thumb2/crtend.o
 .bss           0x00000000000021b4        0x0 /Users/dgs/code/pebble/pebble-dev/arm-cs-tools/bin/../lib/gcc/arm-none-eabi/4.6.3/thumb2/crtn.o
 COMMON         0x00000000000021b4     0x10ac src/ruler.c.1.o
                0x00000000000021b4                hourLayer29
                0x00000000000021ec                hourStr22
                0x00000000000021fc                hourStr2
                0x000000000000220c                hourStr1
                0x000000000000221c                hourStr4
                0x000000000000222c                timer_handle
                0x0000000000002230                hourStr15
                0x0000000000002240                hourStr23
                0x0000000000002250                hourLayer28
                0x0000000000002288                hourLayer14
                0x00000000000022c0                hourStr9
                0x00000000000022d0                hourStr26
                0x00000000000022e0                hourLayers
                0x0000000000002938                hourLayer7
                0x0000000000002970                dbg
                0x00000000000029d4                hourLayer15
                0x0000000000002a0c                hourLayer0
                0x0000000000002a44                hourLayer23
                0x0000000000002a7c                hourLayer5
                0x0000000000002ab4                rulerLayer
                0x0000000000002adc                hourLayer16
                0x0000000000002b14                hourStr25
                0x0000000000002b24                hourLayer19
                0x0000000000002b5c                lineLayer
                0x0000000000002b84                hourLayer10
                0x0000000000002bbc                hourStr0
                0x0000000000002bcc                hourStr7
                0x0000000000002bdc                hourStr16
                0x0000000000002bec                hourLayer24
                0x0000000000002c24                hourLayer22
                0x0000000000002c5c                hourStr27
                0x0000000000002c6c                hourStr11
                0x0000000000002c7c                hourLayer8
                0x0000000000002cb4                hourStrings
                0x0000000000002d28                hourStr10
                0x0000000000002d38                hourLayer4
                0x0000000000002d70                hourLayer1
                0x0000000000002da8                dbgTextLayer
                0x0000000000002de0                hourStr20
                0x0000000000002df0                hourStr19
                0x0000000000002e00                hourLayer18
                0x0000000000002e38                hourStr29
                0x0000000000002e48                hourStr12
                0x0000000000002e58                hourStr28
                0x0000000000002e68                hourStr18
                0x0000000000002e78                hourLayer9
                0x0000000000002eb0                hourStr14
                0x0000000000002ec0                hourLayer17
                0x0000000000002ef8                hourLayer25
                0x0000000000002f30                hourStr3
                0x0000000000002f40                hourStr6
                0x0000000000002f50                hourStr5
                0x0000000000002f60                hourLayer20
                0x0000000000002f98                hourStr13
                0x0000000000002fa8                hourStr8
                0x0000000000002fb8                hourLayer21
                0x0000000000002ff0                bgLayer
                0x0000000000003018                hourStr17
                0x0000000000003028                hourLayer13
                0x0000000000003060                hourLayer12
                0x0000000000003098                hourStr21
                0x00000000000030a8                hourLayer2
                0x00000000000030e0                hourLayer26
                0x0000000000003118                hourStr24
                0x0000000000003128                window
                0x0000000000003180                hourLayer3
                0x00000000000031b8                hourLayer6
                0x00000000000031f0                hourLayer27
                0x0000000000003228                hourLayer11

DISCARD         0x0000000000003260        0x4
 libc.a(*)
 libm.a(*)
 libgcc.a(*)
 *(.eh_frame)
 .eh_frame      0x0000000000003260        0x0 /Users/dgs/code/pebble/pebble-dev/arm-cs-tools/bin/../lib/gcc/arm-none-eabi/4.6.3/thumb2/crtbegin.o
 .eh_frame      0x0000000000003260        0x4 /Users/dgs/code/pebble/pebble-dev/arm-cs-tools/bin/../lib/gcc/arm-none-eabi/4.6.3/thumb2/crtend.o
OUTPUT(/Users/dgs/code/pebble/ruler/build/pebble-app.elf elf32-littlearm)

.rodata         0x0000000000003264       0x68
 .rodata        0x0000000000003264       0x68 src/ruler.c.1.o

.rel.dyn        0x00000000000032cc        0x0
 .rel.iplt      0x0000000000000000        0x0 /Users/dgs/code/pebble/pebble-dev/arm-cs-tools/bin/../lib/gcc/arm-none-eabi/4.6.3/thumb2/crti.o
 .rel.got       0x0000000000000000        0x0 /Users/dgs/code/pebble/pebble-dev/arm-cs-tools/bin/../lib/gcc/arm-none-eabi/4.6.3/thumb2/crti.o

.ARM.attributes
                0x0000000000000000       0x27
 .ARM.attributes
                0x0000000000000000       0x1b /Users/dgs/code/pebble/pebble-dev/arm-cs-tools/bin/../lib/gcc/arm-none-eabi/4.6.3/thumb2/crti.o
 .ARM.attributes
                0x000000000000001b       0x2b /Users/dgs/code/pebble/pebble-dev/arm-cs-tools/bin/../lib/gcc/arm-none-eabi/4.6.3/thumb2/crtbegin.o
 .ARM.attributes
                0x0000000000000046       0x33 src/mini-printf.c.1.o
 .ARM.attributes
                0x0000000000000079       0x33 src/ruler.c.1.o
 .ARM.attributes
                0x00000000000000ac       0x21 /Users/dgs/code/pebble/ruler/lib/libpebble.a(tmpE96Sgtpebble_os.o)
 .ARM.attributes
                0x00000000000000cd       0x2b /Users/dgs/code/pebble/pebble-dev/arm-cs-tools/bin/../lib/gcc/arm-none-eabi/4.6.3/../../../../arm-none-eabi/lib/thumb2/libc.a(lib_a-memset.o)
 .ARM.attributes
                0x00000000000000f8       0x2b /Users/dgs/code/pebble/pebble-dev/arm-cs-tools/bin/../lib/gcc/arm-none-eabi/4.6.3/thumb2/crtend.o
 .ARM.attributes
                0x0000000000000123       0x1b /Users/dgs/code/pebble/pebble-dev/arm-cs-tools/bin/../lib/gcc/arm-none-eabi/4.6.3/thumb2/crtn.o

.comment        0x0000000000000000       0x4e
 .comment       0x0000000000000000       0x4e /Users/dgs/code/pebble/pebble-dev/arm-cs-tools/bin/../lib/gcc/arm-none-eabi/4.6.3/thumb2/crtbegin.o
                                         0x4f (size before relaxing)
 .comment       0x0000000000000000       0x4f src/mini-printf.c.1.o
 .comment       0x0000000000000000       0x4f src/ruler.c.1.o
 .comment       0x0000000000000000       0x4f /Users/dgs/code/pebble/pebble-dev/arm-cs-tools/bin/../lib/gcc/arm-none-eabi/4.6.3/../../../../arm-none-eabi/lib/thumb2/libc.a(lib_a-memset.o)
 .comment       0x0000000000000000       0x4f /Users/dgs/code/pebble/pebble-dev/arm-cs-tools/bin/../lib/gcc/arm-none-eabi/4.6.3/thumb2/crtend.o

.debug_line     0x0000000000000000      0x4f7
 .debug_line    0x0000000000000000       0x71 /Users/dgs/code/pebble/pebble-dev/arm-cs-tools/bin/../lib/gcc/arm-none-eabi/4.6.3/thumb2/crti.o
 .debug_line    0x0000000000000071      0x192 src/mini-printf.c.1.o
 .debug_line    0x0000000000000203      0x27f src/ruler.c.1.o
 .debug_line    0x0000000000000482       0x75 /Users/dgs/code/pebble/pebble-dev/arm-cs-tools/bin/../lib/gcc/arm-none-eabi/4.6.3/thumb2/crtn.o

.debug_info     0x0000000000000000     0x1fe6
 .debug_info    0x0000000000000000       0xb2 /Users/dgs/code/pebble/pebble-dev/arm-cs-tools/bin/../lib/gcc/arm-none-eabi/4.6.3/thumb2/crti.o
 .debug_info    0x00000000000000b2      0x3b1 src/mini-printf.c.1.o
 .debug_info    0x0000000000000463     0x1ad1 src/ruler.c.1.o
 .debug_info    0x0000000000001f34       0xb2 /Users/dgs/code/pebble/pebble-dev/arm-cs-tools/bin/../lib/gcc/arm-none-eabi/4.6.3/thumb2/crtn.o

.debug_abbrev   0x0000000000000000      0x408
 .debug_abbrev  0x0000000000000000       0x12 /Users/dgs/code/pebble/pebble-dev/arm-cs-tools/bin/../lib/gcc/arm-none-eabi/4.6.3/thumb2/crti.o
 .debug_abbrev  0x0000000000000012      0x145 src/mini-printf.c.1.o
 .debug_abbrev  0x0000000000000157      0x29f src/ruler.c.1.o
 .debug_abbrev  0x00000000000003f6       0x12 /Users/dgs/code/pebble/pebble-dev/arm-cs-tools/bin/../lib/gcc/arm-none-eabi/4.6.3/thumb2/crtn.o

.debug_aranges  0x0000000000000000       0x90
 .debug_aranges
                0x0000000000000000       0x28 /Users/dgs/code/pebble/pebble-dev/arm-cs-tools/bin/../lib/gcc/arm-none-eabi/4.6.3/thumb2/crti.o
 .debug_aranges
                0x0000000000000028       0x20 src/mini-printf.c.1.o
 .debug_aranges
                0x0000000000000048       0x20 src/ruler.c.1.o
 .debug_aranges
                0x0000000000000068       0x28 /Users/dgs/code/pebble/pebble-dev/arm-cs-tools/bin/../lib/gcc/arm-none-eabi/4.6.3/thumb2/crtn.o

.debug_ranges   0x0000000000000000       0x58
 .debug_ranges  0x0000000000000000       0x20 /Users/dgs/code/pebble/pebble-dev/arm-cs-tools/bin/../lib/gcc/arm-none-eabi/4.6.3/thumb2/crti.o
 .debug_ranges  0x0000000000000020       0x18 src/mini-printf.c.1.o
 .debug_ranges  0x0000000000000038       0x20 /Users/dgs/code/pebble/pebble-dev/arm-cs-tools/bin/../lib/gcc/arm-none-eabi/4.6.3/thumb2/crtn.o

.debug_loc      0x0000000000000000      0x558
 .debug_loc     0x0000000000000000      0x15e src/mini-printf.c.1.o
 .debug_loc     0x000000000000015e      0x3fa src/ruler.c.1.o

.debug_str      0x0000000000000000     0x10dc
 .debug_str     0x0000000000000000      0x132 src/mini-printf.c.1.o
                                        0x17a (size before relaxing)
 .debug_str     0x0000000000000132      0xfaa src/ruler.c.1.o
                                       0x1126 (size before relaxing)

.debug_frame    0x0000000000000000      0x330
 .debug_frame   0x0000000000000000       0xc4 src/mini-printf.c.1.o
 .debug_frame   0x00000000000000c4      0x26c src/ruler.c.1.o
